[subwaygoldbrasil.com/games/play/candy-crush/index4495.html]
[backblue.gif]
[fade.gif]
[index.html]
[subwaygoldbrasil.com/games/play/candy-crush/css/stylesheet.css]
[fonts.googleapis.com/index.html]
[subwaygoldbrasil.com/games/play/candy-crush/game-start3f71.js]
[subwaygoldbrasil.com/games/play/candy-crush/js/custom-phaser.min.js]
[subwaygoldbrasil.com/games/play/candy-crush/js/game.min51fc.js]
[subwaygoldbrasil.com/games/play/candy-crush/fonts/ComicSansBold.woff2]
[subwaygoldbrasil.com/games/play/candy-crush/img/banner.webp]
[subwaygoldbrasil.com/games/play/candy-crush/assets/hd/images/modal/bg-clouds.png]
[subwaygoldbrasil.com/games/play/candy-crush/assets/hd/images/modal/classic-modal.png]
[subwaygoldbrasil.com/games/play/candy-crush/assets/hd/images/modal/candy-button.png]
[subwaygoldbrasil.com/games/play/candy-crush/assets/hd/images/modal/classic-modal-smaller.png]
[subwaygoldbrasil.com/games/play/candy-crush/assets/hd/images/modal/cloud.png]
[subwaygoldbrasil.com/games/play/candy-crush/assets/hd/images/modal/pink-bar.png]
[subwaygoldbrasil.com/games/play/candy-crush/assets/hd/images/modal/stars.png]
[subwaygoldbrasil.com/games/play/candy-crush/assets/hd/images/modal/happy-girl.png]
[subwaygoldbrasil.com/games/play/candy-crush/assets/hd/images/modal/girl-sad.png]
[subwaygoldbrasil.com/games/play/candy-crush/index4495.html]
[static.cloudflareinsights.com/beacon.min.js/v67327c56f0bb4ef8b305cae61679db8f1769101564043]
[subwaygoldbrasil.com/games/play/candy-crush/fonts/ComicSansBold.woff]
[subwaygoldbrasil.com/games/play/candy-crush/img/orientation.jpg]
[subwaygoldbrasil.com/games/play/candy-crush/css/stylesheet.css]
[fonts.googleapis.com/index.html]
[fonts.gstatic.com/index.html]
[fonts.googleapis.com/css2d34f.css]
[fonts.gstatic.com/s/fredokaone/v15/k3kUo8kEI-tA1RRcTZGmTmHB.ttf]
[subwaygoldbrasil.com/games/play/candy-crush/fonts/ComicSansBold.html]
[subwaygoldbrasil.com/games/play/candy-crush/img/orientation.html]
