[subwaygoldbrasil.com/index.html]
[subwaygoldbrasil.com/_next/static/media/797e433ab948586e-s.p.dbea232f.woff2]
[subwaygoldbrasil.com/_next/static/media/caa3a2e1cccd8315-s.p.853070df.woff2]
[subwaygoldbrasil.com/_next/static/media/de161955856a921d-s.p.25da2b95.woff2]
[api.subwaygoldbrasil.com/logo.webp]
[subwaygoldbrasil.com/_next/static/chunks/880eea434b00b706.css]
[subwaygoldbrasil.com/_next/static/chunks/740de2c2a4c5cd86.js]
[subwaygoldbrasil.com/_next/static/chunks/4a2e6ca9bc162ffe.js]
[subwaygoldbrasil.com/_next/static/chunks/497f7b5edc7d3fce.js]
[subwaygoldbrasil.com/_next/static/chunks/8008d994f91f0fb6.js]
[subwaygoldbrasil.com/_next/static/chunks/6740f161f60c6ab5.js]
[subwaygoldbrasil.com/_next/static/chunks/turbopack-93cd23826ede5838.js]
[subwaygoldbrasil.com/_next/static/chunks/0a8ba1b08fe9c6b4.js]
[subwaygoldbrasil.com/_next/static/chunks/8fcd22f196883924.js]
[subwaygoldbrasil.com/_next/static/chunks/3ea328feaeb5a19c.js]
[subwaygoldbrasil.com/_next/static/chunks/23ea94e19eafad82.js]
[subwaygoldbrasil.com/_next/static/chunks/539e2c558c87f7d8.js]
[subwaygoldbrasil.com/_next/static/chunks/30c025aca153f300.js]
[subwaygoldbrasil.com/_next/static/chunks/5937776348362c50.js]
[subwaygoldbrasil.com/_next/static/chunks/ff1a16fafef87110.js]
[subwaygoldbrasil.com/_next/static/chunks/247eb132b7f7b574.js]
[subwaygoldbrasil.com/_next/static/chunks/71f4b9ddaa125b8f.js]
[subwaygoldbrasil.com/_next/static/chunks/bea72b9adb8806c4.js]
[backblue.gif]
[fade.gif]
[index.html]
[cdn.xtracky.com/scripts/experimental.js]
[subwaygoldbrasil.com/favicon903a.ico]
[server.subwaygoldbrasil.com/64fbvsulpf.18d41d.delayed]
[subwaygoldbrasil.com/_next/static/chunks/a6dad97d9634a72d.js]
[www.googletagmanager.com/ns8102.html]
[api.subwaygoldbrasil.com/banners/banner-1768943358692-828426795.webp]
[api.subwaygoldbrasil.com/banners/banner-1769564344133-784406108.webp]
[api.subwaygoldbrasil.com/banners/banner-1769564357484-760021092.webp]
[subwaygoldbrasil.com/_next/profile2fcb.png]
[subwaygoldbrasil.com/cdn-cgi/l/email-protection]
[subwaygoldbrasil.com/cdn-cgi/scripts/5c5dd728/cloudflare-static/email-decode.min.js]
[api.whatsapp.com/send/indexed76.html]
[subwaygoldbrasil.com/index.html]
[static.cloudflareinsights.com/beacon.min.js/v67327c56f0bb4ef8b305cae61679db8f1769101564043]
[subwaygoldbrasil.com/_next/static/media/8a480f0b521d4e75-s.8e0177b5.woff2]
[subwaygoldbrasil.com/_next/static/media/7178b3e590c64307-s.b97b3418.woff2]
[subwaygoldbrasil.com/_next/static/media/4fa387ec64143e14-s.c1fdd6c2.woff2]
[subwaygoldbrasil.com/_next/static/media/bbc41e54d2fcbd21-s.799d8ef8.woff2]
[subwaygoldbrasil.com/_next/static/media/cdf703449fd42bc8-s.665aa8c9.woff2]
[subwaygoldbrasil.com/_next/static/media/3f10656f33c57dec-s.1b5b6537.woff2]
[subwaygoldbrasil.com/_next/static/media/56eb15be423b6220-s.23b201d9.woff2]
[subwaygoldbrasil.com/_next/static/media/96074e70a40501da-s.8c31978f.woff2]
[subwaygoldbrasil.com/_next/static/chunks/880eea434b00b706.css]
[server.subwaygoldbrasil.com/64fbvsulpfd41d.html]
[www.googletagmanager.com/ns8102.html]
[api.whatsapp.com/send/indexee15.html]
[static.whatsapp.net/rsrc.php/v4/yz/r/ujTY9i_Jhs1.png]
[static.whatsapp.net/rsrc.php/v5/yH/l/0,cross/_jfkUskf2-v.css]
[static.whatsapp.net/rsrc.php/v5/y_/l/0,cross/tVM3WRx1Tmi.css]
[static.whatsapp.net/rsrc.php/v5/yR/l/0,cross/ChejQs5hirm.css]
[static.whatsapp.net/rsrc.php/v4/yW/r/G8jVrng9dRG.js]
[static.whatsapp.net/rsrc.php/v4/yq/r/mdQNdcFMi0p.png]
[api.whatsapp.com/send/4rj3EE.32.delayed]
[api.whatsapp.com/send/sIXck9]
[api.whatsapp.com/send/LYq]
[api.whatsapp.com/send/+BZCl+]
[static.whatsapp.net/rsrc.php/v4/yd/r/RnWdJdX9iJ2.js]
[static.whatsapp.net/rsrc.php/v4/yD/r/0NeQfY7BbqQ.js]
[api.whatsapp.com/send/indexed76.html]
[subwaygoldbrasil.com/cdn-cgi/l/email-protection.html]
[www.googletagmanager.com/gtm5445.html]
[api.whatsapp.com/send/indexee15.html]
[static.whatsapp.net/rsrc.php/v5/yH/l/0,cross/_jfkUskf2-v.css]
[static.whatsapp.net/rsrc.php/v4/yL/r/unHwF9CkMyM.png]
[static.whatsapp.net/rsrc.php/v4/yH/r/xgVgalBG80z.png]
[static.whatsapp.net/rsrc.php/v1/yK/r/ZjwCTR_D5He.jpg]
[static.whatsapp.net/rsrc.php/v1/yQ/r/dPFl9fRFF9u.jpg]
[static.whatsapp.net/rsrc.php/v1/y_/r/oqWQjtJbOPM.jpg]
[static.whatsapp.net/rsrc.php/v5/y_/l/0,cross/tVM3WRx1Tmi.css]
[static.whatsapp.net/rsrc.php/v5/yR/l/0,cross/ChejQs5hirm.css]
[api.whatsapp.com/send/Firefox/index.html]
[api.whatsapp.com/send/Chrome/index.html]
[api.whatsapp.com/send/Edg/index.html]
[api.whatsapp.com/send/GET.3d.delayed]
[static.whatsapp.net/rsrc.php/v4/yW/r/G8jVrng9dRG.js]
[api.whatsapp.com/send/CriOS/index.html]
[api.whatsapp.com/send/Safari/index.html]
[api.whatsapp.com/send/4rj3EE.html]
[api.whatsapp.com/send/sIXck9.html]
[api.whatsapp.com/send/LYq.html]
[api.whatsapp.com/send/+BZCl+.html]
[static.whatsapp.net/rsrc.php/v4/yd/r/RnWdJdX9iJ2.js]
[static.whatsapp.net/rsrc.php/v4/yD/r/0NeQfY7BbqQ.js]
[api.whatsapp.com/send/Firefox/index.html]
[api.whatsapp.com/send/Edg/index.html]
[api.whatsapp.com/send/Chrome/index.html]
[api.whatsapp.com/send/CriOS/index.html]
[api.whatsapp.com/send/Safari/index.html]
[api.whatsapp.com/send/Version/index.html]
[api.whatsapp.com/send/Version/index.html]
[api.whatsapp.com/send/chrome-extension_/index.html]
[api.whatsapp.com/send/chrome-extension_/index.html]
[api.whatsapp.com/send/^([^_/indexd41d.html]
[api.whatsapp.com/send/^([^_/indexd41d.html]
[api.whatsapp.com/send/GET.html]
